D:\software-75-main\src\main\java\com\example\ccqbackend\model\LoginRequest.java
D:\software-75-main\src\main\java\com\example\loginapp\MainApp.java
D:\software-75-main\src\main\java\com\example\loginapp\api\BillingViewModel.java
D:\software-75-main\src\main\java\com\example\ccqbackend\model\BillingEntry.java
D:\software-75-main\src\main\java\com\example\loginapp\Launcher.java
D:\software-75-main\src\main\java\com\example\loginapp\api\AuthService.java
D:\software-75-main\src\main\java\com\example\loginapp\api\BillingEntry.java
D:\software-75-main\src\main\java\com\example\loginapp\api\ApiResponse.java
D:\software-75-main\src\main\java\com\example\loginapp\SavingPlan.java
D:\software-75-main\src\main\java\com\example\loginapp\AIViewController.java
D:\software-75-main\src\main\java\com\example\loginapp\api\BillingService.java
D:\software-75-main\src\main\java\com\example\loginapp\api\AIService.java
D:\software-75-main\src\main\java\com\example\loginapp\api\SavingPlanResponse.java
D:\software-75-main\src\main\java\com\example\ccqbackend\model\RegisterRequest.java
D:\software-75-main\src\main\java\com\example\ccqbackend\service\BillingService.java
D:\software-75-main\src\main\java\com\example\loginapp\LoginRegisterController.java
D:\software-75-main\src\main\java\com\example\ccqbackend\controller\BillingController.java
D:\software-75-main\src\main\java\com\example\loginapp\api\ApiServiceFactory.java
D:\software-75-main\src\main\java\com\example\loginapp\api\MockSummaryService.java
D:\software-75-main\src\main\java\com\example\loginapp\api\SavingsService.java
D:\software-75-main\src\main\java\com\example\loginapp\api\RealSavingsService.java
D:\software-75-main\src\main\java\com\example\loginapp\api\RealAuthService.java
D:\software-75-main\src\main\java\com\example\loginapp\api\RealSummaryService.java
D:\software-75-main\src\main\java\com\example\loginapp\api\SummaryService.java
D:\software-75-main\src\main\java\com\example\ccqbackend\service\UserService.java
D:\software-75-main\src\main\java\com\example\loginapp\api\ImportResponse.java
D:\software-75-main\src\main\java\com\example\loginapp\SetViewController.java
D:\software-75-main\src\main\java\com\example\loginapp\api\AuthResponse.java
D:\software-75-main\src\main\java\com\example\loginapp\api\AIAdviceResponse.java
D:\software-75-main\src\main\java\com\example\ccqbackend\service\CSVService.java
D:\software-75-main\src\main\java\com\example\ccqbackend\model\User.java
D:\software-75-main\src\main\java\com\example\loginapp\api\MockAuthService.java
D:\software-75-main\src\main\java\com\example\loginapp\api\BillingEntryResponse.java
D:\software-75-main\src\main\java\com\example\loginapp\api\AISuggestion.java
D:\software-75-main\src\main\java\com\example\loginapp\SavingViewController.java
D:\software-75-main\src\main\java\com\example\ccqbackend\service\JSONService.java
D:\software-75-main\src\main\java\com\example\loginapp\ResizeHelper.java
D:\software-75-main\src\main\java\com\example\loginapp\api\ApiException.java
D:\software-75-main\src\main\java\com\example\loginapp\api\MockBillingService.java
D:\software-75-main\src\main\java\com\example\loginapp\api\RealUserService.java
D:\software-75-main\src\main\java\com\example\loginapp\api\SavingPlan.java
D:\software-75-main\src\main\java\com\example\loginapp\model\SavingPlanModel.java
D:\software-75-main\src\main\java\com\example\ccqbackend\service\FileService.java
D:\software-75-main\src\main\java\com\example\loginapp\NotificationManager.java
D:\software-75-main\src\main\java\com\example\loginapp\BaseViewController.java
D:\software-75-main\src\main\java\com\example\loginapp\api\QuickAction.java
D:\software-75-main\src\main\java\com\example\ccqbackend\service\XMLService.java
D:\software-75-main\src\main\java\com\example\loginapp\api\ExpenditureSummary.java
D:\software-75-main\src\main\java\com\example\loginapp\api\AdminAuthService.java
D:\software-75-main\src\main\java\com\example\ccqbackend\CcqBackendApplication.java
D:\software-75-main\src\main\java\com\example\loginapp\api\UserSettings.java
D:\software-75-main\src\main\java\com\example\loginapp\api\RealBillingService.java
D:\software-75-main\src\main\java\com\example\loginapp\api\MockUserService.java
D:\software-75-main\src\main\java\com\example\loginapp\SummaryViewController.java
D:\software-75-main\src\main\java\com\example\loginapp\api\UserService.java
D:\software-75-main\src\main\java\com\example\loginapp\api\MockSavingsService.java
D:\software-75-main\src\main\java\com\example\loginapp\BillingViewController.java
D:\software-75-main\src\main\java\com\example\loginapp\api\ApiError.java
D:\software-75-main\src\main\java\com\example\ccqbackend\controller\AuthController.java
D:\software-75-main\src\main\java\com\example\loginapp\api\RegistrationResponse.java
D:\software-75-main\src\main\java\com\example\loginapp\api\RealAIService.java
D:\software-75-main\src\main\java\com\example\loginapp\api\CategorySummary.java
D:\software-75-main\src\main\java\com\example\ccqbackend\service\JwtConfig.java
D:\software-75-main\src\main\java\com\example\ccqbackend\config\JacksonConfig.java
D:\software-75-main\src\main\java\com\example\loginapp\api\MockAIService.java
D:\software-75-main\src\main\java\com\example\loginapp\api\IncomeSummary.java
